len(a)=12, len(b)=0
[1, 2, 4, 8, 16, 32, 64, 128, 256, 512, 1024, 2048](False), [](True)
a=grange(1, 2, 2049), b=grange(1, 3, 1)
len(list(a))=12, len(list(b))=0
a[3]=8, a[13]=8192
a=grange(1024, 2, 4097), a[5]=32768
b=grange(1024, 4, 8193), b[5]=1048576, list(b)=[1024, 4096]
