len(a)=4, len(b)=0
[10, 100, 1000, 10000](False), [](True)
a=grange(10, 10, 100000), b=grange(1, 10, 1)
len(list(a))=4, len(list(b))=0
a[5]=1000000, a[21]=10000000000000000000000
a=grange(1000, 10, 100000), a[7]=10000000000
b=grange(1000, 100, 100000), b[8]=10000000000000000000, list(b)=[1000]
