1 3 5 7 9 3 5 7 9 11 5 7 9 11 13 7 9 11 13 15 9 11 13 15 17 11 13 15 17 19 13 15 17 19 15 17 19 17 19 19